
PL/SQL procedure successfully completed.



TRAPIT TEST: TT_EMP_BATCH.tt_AIP_Load_Emps
==========================================

Timer Set: TT_EMP_BATCH.tt_AIP_Load_Emps, Constructed at 18 Aug 2018 13:45:52, written at 13:45:56
==================================================================================================
[Timer timed: Elapsed (per call): 0.01 (0.000008), CPU (per call): 0.00 (0.000000), calls: 1000, '***' denotes corrected line below]

Timer                         Elapsed         CPU         Calls       Ela/Call       CPU/Call
-------------------------  ----------  ----------  ------------  -------------  -------------
Get Inputs                       0.03        0.01             1        0.02800        0.01000
Setup_DB                         0.28        0.20             9        0.03056        0.02222
Caller                           1.97        0.58             5        0.39320        0.11600
Get_Tab_Lis                      1.15        0.31             9        0.12811        0.03444
Get_Err_Lis                      0.00        0.02             9        0.00044        0.00222
Get_Jbs_Lis                      0.01        0.00             9        0.00067        0.00000
Set Output CLOB                  0.00        0.00             1        0.00400        0.00000
Output CLOB to table/file        0.16        0.11             1        0.15700        0.11000
(Other)                          0.00        0.00             1        0.00000        0.00000
-------------------------  ----------  ----------  ------------  -------------  -------------
Total                            3.59        1.23            45        0.07984        0.02733
-------------------------  ----------  ----------  ------------  -------------  -------------

TRAPIT TEST: TT_EMP_WS.tt_AIP_Get_Dept_Emps
===========================================

Timer Set: TT_EMP_WS.tt_AIP_Get_Dept_Emps, Constructed at 18 Aug 2018 13:45:56, written at 13:45:56
===================================================================================================
[Timer timed: Elapsed (per call): 0.01 (0.000008), CPU (per call): 0.01 (0.000010), calls: 1000, '***' denotes corrected line below]

Timer                         Elapsed         CPU         Calls       Ela/Call       CPU/Call
-------------------------  ----------  ----------  ------------  -------------  -------------
Get Inputs                       0.00        0.00             1        0.00200        0.00000
Setup                            0.01        0.00             5        0.00120        0.00000
Caller                           0.01        0.01             5        0.00160        0.00200
Set Output CLOB                  0.00        0.00             1        0.00200        0.00000
Output CLOB to table/file        0.01        0.02             1        0.00900        0.02000
(Other)                          0.00        0.00             1        0.00000        0.00000
-------------------------  ----------  ----------  ------------  -------------  -------------
Total                            0.03        0.03            14        0.00193        0.00214
-------------------------  ----------  ----------  ------------  -------------  -------------

TRAPIT TEST: TT_EMP_WS.tt_AIP_Save_Emps
=======================================

Timer Set: TT_EMP_WS.tt_AIP_Save_Emps, Constructed at 18 Aug 2018 13:45:56, written at 13:45:56
===============================================================================================
[Timer timed: Elapsed (per call): 0.01 (0.000009), CPU (per call): 0.02 (0.000020), calls: 1000, '***' denotes corrected line below]

Timer                         Elapsed         CPU         Calls       Ela/Call       CPU/Call
-------------------------  ----------  ----------  ------------  -------------  -------------
Get Inputs                       0.00        0.00             1        0.00100        0.00000
Get_Offsets                      0.00        0.00             1        0.00000        0.00000
Caller                           0.00        0.00             3        0.00133        0.00000
SELECT                           0.00        0.00             3        0.00100        0.00000
Set Output CLOB                  0.00        0.00             1        0.00200        0.00000
Output CLOB to table/file        0.01        0.00             1        0.00900        0.00000
(Other)                          0.00        0.00             1        0.00000        0.00000
-------------------------  ----------  ----------  ------------  -------------  -------------
Total                            0.02        0.00            11        0.00173        0.00000
-------------------------  ----------  ----------  ------------  -------------  -------------

TRAPIT TEST: TT_VIEW_DRIVERS.tt_HR_Test_View_V
==============================================

Timer Set: TT_VIEW_DRIVERS.tt_HR_Test_View_V, Constructed at 18 Aug 2018 13:45:56, written at 13:45:56
======================================================================================================
[Timer timed: Elapsed (per call): 0.02 (0.000016), CPU (per call): 0.02 (0.000020), calls: 1000, '***' denotes corrected line below]

Timer                         Elapsed         CPU         Calls       Ela/Call       CPU/Call
-------------------------  ----------  ----------  ------------  -------------  -------------
Get Inputs                       0.00        0.00             1        0.00200        0.00000
Setup                            0.01        0.00             4        0.00150        0.00000
Caller                           0.02        0.03             4        0.00575        0.00750
Set Output CLOB                  0.00        0.00             1        0.00100        0.00000
Output CLOB to table/file        0.01        0.00             1        0.01300        0.00000
(Other)                          0.00        0.00             1        0.00000        0.00000
-------------------------  ----------  ----------  ------------  -------------  -------------
Total                            0.05        0.03            12        0.00375        0.00250
-------------------------  ----------  ----------  ------------  -------------  -------------

80 rows selected.

